  Determining projects to restore...
  All projects are up-to-date for restore.
C:\Users\divya\OneDrive\Desktop\J-Update\JUpdate\Services\PdfExportService.cs(70,30): error CS0104: 'Colors' is an ambiguous reference between 'Microsoft.Maui.Graphics.Colors' and 'QuestPDF.Helpers.Colors' [C:\Users\divya\OneDrive\Desktop\J-Update\JUpdate\JUpdate.csproj::TargetFramework=net9.0-maccatalyst]
C:\Users\divya\OneDrive\Desktop\J-Update\JUpdate\Services\PdfExportService.cs(71,29): error CS0104: 'Colors' is an ambiguous reference between 'Microsoft.Maui.Graphics.Colors' and 'QuestPDF.Helpers.Colors' [C:\Users\divya\OneDrive\Desktop\J-Update\JUpdate\JUpdate.csproj::TargetFramework=net9.0-maccatalyst]
C:\Users\divya\OneDrive\Desktop\J-Update\JUpdate\Services\PdfExportService.cs(81,84): error CS0104: 'Colors' is an ambiguous reference between 'Microsoft.Maui.Graphics.Colors' and 'QuestPDF.Helpers.Colors' [C:\Users\divya\OneDrive\Desktop\J-Update\JUpdate\JUpdate.csproj::TargetFramework=net9.0-maccatalyst]
C:\Users\divya\OneDrive\Desktop\J-Update\JUpdate\Services\PdfExportService.cs(104,47): error CS0104: 'Colors' is an ambiguous reference between 'Microsoft.Maui.Graphics.Colors' and 'QuestPDF.Helpers.Colors' [C:\Users\divya\OneDrive\Desktop\J-Update\JUpdate\JUpdate.csproj::TargetFramework=net9.0-maccatalyst]
C:\Users\divya\OneDrive\Desktop\J-Update\JUpdate\Services\PdfExportService.cs(24,36): error CS0104: 'Colors' is an ambiguous reference between 'Microsoft.Maui.Graphics.Colors' and 'QuestPDF.Helpers.Colors' [C:\Users\divya\OneDrive\Desktop\J-Update\JUpdate\JUpdate.csproj::TargetFramework=net9.0-maccatalyst]
C:\Users\divya\OneDrive\Desktop\J-Update\JUpdate\Services\PdfExportService.cs(29,60): error CS0104: 'Colors' is an ambiguous reference between 'Microsoft.Maui.Graphics.Colors' and 'QuestPDF.Helpers.Colors' [C:\Users\divya\OneDrive\Desktop\J-Update\JUpdate\JUpdate.csproj::TargetFramework=net9.0-maccatalyst]
C:\Users\divya\OneDrive\Desktop\J-Update\JUpdate\Components\Pages\Entries.razor(130,19): warning CS0618: 'Application.MainPage.get' is obsolete: 'This property has been deprecated. For single-window applications, use Windows[0].Page. For multi-window applications, identify and use the appropriate Window object to access the desired Page. Additionally, each element features a Window property, accessible when it's part of the current window.' [C:\Users\divya\OneDrive\Desktop\J-Update\JUpdate\JUpdate.csproj::TargetFramework=net9.0-maccatalyst]
C:\Users\divya\OneDrive\Desktop\J-Update\JUpdate\Components\Pages\Entries.razor(150,19): warning CS0618: 'Application.MainPage.get' is obsolete: 'This property has been deprecated. For single-window applications, use Windows[0].Page. For multi-window applications, identify and use the appropriate Window object to access the desired Page. Additionally, each element features a Window property, accessible when it's part of the current window.' [C:\Users\divya\OneDrive\Desktop\J-Update\JUpdate\JUpdate.csproj::TargetFramework=net9.0-maccatalyst]
C:\Users\divya\OneDrive\Desktop\J-Update\JUpdate\Components\Pages\Entries.razor(130,19): warning CS8602: Dereference of a possibly null reference. [C:\Users\divya\OneDrive\Desktop\J-Update\JUpdate\JUpdate.csproj::TargetFramework=net9.0-maccatalyst]
C:\Users\divya\OneDrive\Desktop\J-Update\JUpdate\Components\Pages\Entries.razor(130,19): warning CS8602: Dereference of a possibly null reference. [C:\Users\divya\OneDrive\Desktop\J-Update\JUpdate\JUpdate.csproj::TargetFramework=net9.0-maccatalyst]
C:\Users\divya\OneDrive\Desktop\J-Update\JUpdate\Components\Pages\Entries.razor(150,19): warning CS8602: Dereference of a possibly null reference. [C:\Users\divya\OneDrive\Desktop\J-Update\JUpdate\JUpdate.csproj::TargetFramework=net9.0-maccatalyst]
C:\Users\divya\OneDrive\Desktop\J-Update\JUpdate\Components\Pages\Entries.razor(150,19): warning CS8602: Dereference of a possibly null reference. [C:\Users\divya\OneDrive\Desktop\J-Update\JUpdate\JUpdate.csproj::TargetFramework=net9.0-maccatalyst]
C:\Users\divya\OneDrive\Desktop\J-Update\JUpdate\Services\PdfExportService.cs(70,30): error CS0104: 'Colors' is an ambiguous reference between 'Microsoft.Maui.Graphics.Colors' and 'QuestPDF.Helpers.Colors' [C:\Users\divya\OneDrive\Desktop\J-Update\JUpdate\JUpdate.csproj::TargetFramework=net9.0-ios]
C:\Users\divya\OneDrive\Desktop\J-Update\JUpdate\Services\PdfExportService.cs(71,29): error CS0104: 'Colors' is an ambiguous reference between 'Microsoft.Maui.Graphics.Colors' and 'QuestPDF.Helpers.Colors' [C:\Users\divya\OneDrive\Desktop\J-Update\JUpdate\JUpdate.csproj::TargetFramework=net9.0-ios]
C:\Users\divya\OneDrive\Desktop\J-Update\JUpdate\Services\PdfExportService.cs(81,84): error CS0104: 'Colors' is an ambiguous reference between 'Microsoft.Maui.Graphics.Colors' and 'QuestPDF.Helpers.Colors' [C:\Users\divya\OneDrive\Desktop\J-Update\JUpdate\JUpdate.csproj::TargetFramework=net9.0-ios]
C:\Users\divya\OneDrive\Desktop\J-Update\JUpdate\Services\PdfExportService.cs(104,47): error CS0104: 'Colors' is an ambiguous reference between 'Microsoft.Maui.Graphics.Colors' and 'QuestPDF.Helpers.Colors' [C:\Users\divya\OneDrive\Desktop\J-Update\JUpdate\JUpdate.csproj::TargetFramework=net9.0-ios]
C:\Users\divya\OneDrive\Desktop\J-Update\JUpdate\Services\PdfExportService.cs(24,36): error CS0104: 'Colors' is an ambiguous reference between 'Microsoft.Maui.Graphics.Colors' and 'QuestPDF.Helpers.Colors' [C:\Users\divya\OneDrive\Desktop\J-Update\JUpdate\JUpdate.csproj::TargetFramework=net9.0-ios]
C:\Users\divya\OneDrive\Desktop\J-Update\JUpdate\Services\PdfExportService.cs(29,60): error CS0104: 'Colors' is an ambiguous reference between 'Microsoft.Maui.Graphics.Colors' and 'QuestPDF.Helpers.Colors' [C:\Users\divya\OneDrive\Desktop\J-Update\JUpdate\JUpdate.csproj::TargetFramework=net9.0-ios]
C:\Users\divya\OneDrive\Desktop\J-Update\JUpdate\Components\Pages\Entries.razor(130,19): warning CS0618: 'Application.MainPage.get' is obsolete: 'This property has been deprecated. For single-window applications, use Windows[0].Page. For multi-window applications, identify and use the appropriate Window object to access the desired Page. Additionally, each element features a Window property, accessible when it's part of the current window.' [C:\Users\divya\OneDrive\Desktop\J-Update\JUpdate\JUpdate.csproj::TargetFramework=net9.0-ios]
C:\Users\divya\OneDrive\Desktop\J-Update\JUpdate\Components\Pages\Entries.razor(150,19): warning CS0618: 'Application.MainPage.get' is obsolete: 'This property has been deprecated. For single-window applications, use Windows[0].Page. For multi-window applications, identify and use the appropriate Window object to access the desired Page. Additionally, each element features a Window property, accessible when it's part of the current window.' [C:\Users\divya\OneDrive\Desktop\J-Update\JUpdate\JUpdate.csproj::TargetFramework=net9.0-ios]
C:\Users\divya\OneDrive\Desktop\J-Update\JUpdate\Components\Pages\Entries.razor(130,19): warning CS8602: Dereference of a possibly null reference. [C:\Users\divya\OneDrive\Desktop\J-Update\JUpdate\JUpdate.csproj::TargetFramework=net9.0-ios]
C:\Users\divya\OneDrive\Desktop\J-Update\JUpdate\Components\Pages\Entries.razor(130,19): warning CS8602: Dereference of a possibly null reference. [C:\Users\divya\OneDrive\Desktop\J-Update\JUpdate\JUpdate.csproj::TargetFramework=net9.0-ios]
C:\Users\divya\OneDrive\Desktop\J-Update\JUpdate\Components\Pages\Entries.razor(150,19): warning CS8602: Dereference of a possibly null reference. [C:\Users\divya\OneDrive\Desktop\J-Update\JUpdate\JUpdate.csproj::TargetFramework=net9.0-ios]
C:\Users\divya\OneDrive\Desktop\J-Update\JUpdate\Components\Pages\Entries.razor(150,19): warning CS8602: Dereference of a possibly null reference. [C:\Users\divya\OneDrive\Desktop\J-Update\JUpdate\JUpdate.csproj::TargetFramework=net9.0-ios]
C:\Users\divya\OneDrive\Desktop\J-Update\JUpdate\Services\PdfExportService.cs(24,36): error CS0104: 'Colors' is an ambiguous reference between 'Microsoft.Maui.Graphics.Colors' and 'QuestPDF.Helpers.Colors' [C:\Users\divya\OneDrive\Desktop\J-Update\JUpdate\JUpdate.csproj::TargetFramework=net9.0-android]
C:\Users\divya\OneDrive\Desktop\J-Update\JUpdate\Services\PdfExportService.cs(29,60): error CS0104: 'Colors' is an ambiguous reference between 'Microsoft.Maui.Graphics.Colors' and 'QuestPDF.Helpers.Colors' [C:\Users\divya\OneDrive\Desktop\J-Update\JUpdate\JUpdate.csproj::TargetFramework=net9.0-android]
C:\Users\divya\OneDrive\Desktop\J-Update\JUpdate\Services\PdfExportService.cs(70,30): error CS0104: 'Colors' is an ambiguous reference between 'Microsoft.Maui.Graphics.Colors' and 'QuestPDF.Helpers.Colors' [C:\Users\divya\OneDrive\Desktop\J-Update\JUpdate\JUpdate.csproj::TargetFramework=net9.0-android]
C:\Users\divya\OneDrive\Desktop\J-Update\JUpdate\Services\PdfExportService.cs(71,29): error CS0104: 'Colors' is an ambiguous reference between 'Microsoft.Maui.Graphics.Colors' and 'QuestPDF.Helpers.Colors' [C:\Users\divya\OneDrive\Desktop\J-Update\JUpdate\JUpdate.csproj::TargetFramework=net9.0-android]
C:\Users\divya\OneDrive\Desktop\J-Update\JUpdate\Services\PdfExportService.cs(81,84): error CS0104: 'Colors' is an ambiguous reference between 'Microsoft.Maui.Graphics.Colors' and 'QuestPDF.Helpers.Colors' [C:\Users\divya\OneDrive\Desktop\J-Update\JUpdate\JUpdate.csproj::TargetFramework=net9.0-android]
C:\Users\divya\OneDrive\Desktop\J-Update\JUpdate\Services\PdfExportService.cs(104,47): error CS0104: 'Colors' is an ambiguous reference between 'Microsoft.Maui.Graphics.Colors' and 'QuestPDF.Helpers.Colors' [C:\Users\divya\OneDrive\Desktop\J-Update\JUpdate\JUpdate.csproj::TargetFramework=net9.0-android]
C:\Users\divya\OneDrive\Desktop\J-Update\JUpdate\Components\Pages\Entries.razor(130,19): warning CS0618: 'Application.MainPage.get' is obsolete: 'This property has been deprecated. For single-window applications, use Windows[0].Page. For multi-window applications, identify and use the appropriate Window object to access the desired Page. Additionally, each element features a Window property, accessible when it's part of the current window.' [C:\Users\divya\OneDrive\Desktop\J-Update\JUpdate\JUpdate.csproj::TargetFramework=net9.0-android]
C:\Users\divya\OneDrive\Desktop\J-Update\JUpdate\Components\Pages\Entries.razor(150,19): warning CS0618: 'Application.MainPage.get' is obsolete: 'This property has been deprecated. For single-window applications, use Windows[0].Page. For multi-window applications, identify and use the appropriate Window object to access the desired Page. Additionally, each element features a Window property, accessible when it's part of the current window.' [C:\Users\divya\OneDrive\Desktop\J-Update\JUpdate\JUpdate.csproj::TargetFramework=net9.0-android]
C:\Users\divya\OneDrive\Desktop\J-Update\JUpdate\Components\Pages\Entries.razor(130,19): warning CS8602: Dereference of a possibly null reference. [C:\Users\divya\OneDrive\Desktop\J-Update\JUpdate\JUpdate.csproj::TargetFramework=net9.0-android]
C:\Users\divya\OneDrive\Desktop\J-Update\JUpdate\Components\Pages\Entries.razor(130,19): warning CS8602: Dereference of a possibly null reference. [C:\Users\divya\OneDrive\Desktop\J-Update\JUpdate\JUpdate.csproj::TargetFramework=net9.0-android]
C:\Users\divya\OneDrive\Desktop\J-Update\JUpdate\Components\Pages\Entries.razor(150,19): warning CS8602: Dereference of a possibly null reference. [C:\Users\divya\OneDrive\Desktop\J-Update\JUpdate\JUpdate.csproj::TargetFramework=net9.0-android]
C:\Users\divya\OneDrive\Desktop\J-Update\JUpdate\Components\Pages\Entries.razor(150,19): warning CS8602: Dereference of a possibly null reference. [C:\Users\divya\OneDrive\Desktop\J-Update\JUpdate\JUpdate.csproj::TargetFramework=net9.0-android]
C:\Users\divya\OneDrive\Desktop\J-Update\JUpdate\Services\PdfExportService.cs(70,30): error CS0104: 'Colors' is an ambiguous reference between 'Microsoft.Maui.Graphics.Colors' and 'QuestPDF.Helpers.Colors' [C:\Users\divya\OneDrive\Desktop\J-Update\JUpdate\JUpdate.csproj::TargetFramework=net9.0-windows10.0.19041.0]
C:\Users\divya\OneDrive\Desktop\J-Update\JUpdate\Services\PdfExportService.cs(71,29): error CS0104: 'Colors' is an ambiguous reference between 'Microsoft.Maui.Graphics.Colors' and 'QuestPDF.Helpers.Colors' [C:\Users\divya\OneDrive\Desktop\J-Update\JUpdate\JUpdate.csproj::TargetFramework=net9.0-windows10.0.19041.0]
C:\Users\divya\OneDrive\Desktop\J-Update\JUpdate\Services\PdfExportService.cs(81,84): error CS0104: 'Colors' is an ambiguous reference between 'Microsoft.Maui.Graphics.Colors' and 'QuestPDF.Helpers.Colors' [C:\Users\divya\OneDrive\Desktop\J-Update\JUpdate\JUpdate.csproj::TargetFramework=net9.0-windows10.0.19041.0]
C:\Users\divya\OneDrive\Desktop\J-Update\JUpdate\Services\PdfExportService.cs(104,47): error CS0104: 'Colors' is an ambiguous reference between 'Microsoft.Maui.Graphics.Colors' and 'QuestPDF.Helpers.Colors' [C:\Users\divya\OneDrive\Desktop\J-Update\JUpdate\JUpdate.csproj::TargetFramework=net9.0-windows10.0.19041.0]
C:\Users\divya\OneDrive\Desktop\J-Update\JUpdate\Services\PdfExportService.cs(24,36): error CS0104: 'Colors' is an ambiguous reference between 'Microsoft.Maui.Graphics.Colors' and 'QuestPDF.Helpers.Colors' [C:\Users\divya\OneDrive\Desktop\J-Update\JUpdate\JUpdate.csproj::TargetFramework=net9.0-windows10.0.19041.0]
C:\Users\divya\OneDrive\Desktop\J-Update\JUpdate\Services\PdfExportService.cs(29,60): error CS0104: 'Colors' is an ambiguous reference between 'Microsoft.Maui.Graphics.Colors' and 'QuestPDF.Helpers.Colors' [C:\Users\divya\OneDrive\Desktop\J-Update\JUpdate\JUpdate.csproj::TargetFramework=net9.0-windows10.0.19041.0]
C:\Users\divya\OneDrive\Desktop\J-Update\JUpdate\Components\Pages\Entries.razor(130,19): warning CS0618: 'Application.MainPage.get' is obsolete: 'This property has been deprecated. For single-window applications, use Windows[0].Page. For multi-window applications, identify and use the appropriate Window object to access the desired Page. Additionally, each element features a Window property, accessible when it's part of the current window.' [C:\Users\divya\OneDrive\Desktop\J-Update\JUpdate\JUpdate.csproj::TargetFramework=net9.0-windows10.0.19041.0]
C:\Users\divya\OneDrive\Desktop\J-Update\JUpdate\Components\Pages\Entries.razor(150,19): warning CS0618: 'Application.MainPage.get' is obsolete: 'This property has been deprecated. For single-window applications, use Windows[0].Page. For multi-window applications, identify and use the appropriate Window object to access the desired Page. Additionally, each element features a Window property, accessible when it's part of the current window.' [C:\Users\divya\OneDrive\Desktop\J-Update\JUpdate\JUpdate.csproj::TargetFramework=net9.0-windows10.0.19041.0]
C:\Users\divya\OneDrive\Desktop\J-Update\JUpdate\Components\Pages\Entries.razor(130,19): warning CS8602: Dereference of a possibly null reference. [C:\Users\divya\OneDrive\Desktop\J-Update\JUpdate\JUpdate.csproj::TargetFramework=net9.0-windows10.0.19041.0]
C:\Users\divya\OneDrive\Desktop\J-Update\JUpdate\Components\Pages\Entries.razor(130,19): warning CS8602: Dereference of a possibly null reference. [C:\Users\divya\OneDrive\Desktop\J-Update\JUpdate\JUpdate.csproj::TargetFramework=net9.0-windows10.0.19041.0]
C:\Users\divya\OneDrive\Desktop\J-Update\JUpdate\Components\Pages\Entries.razor(150,19): warning CS8602: Dereference of a possibly null reference. [C:\Users\divya\OneDrive\Desktop\J-Update\JUpdate\JUpdate.csproj::TargetFramework=net9.0-windows10.0.19041.0]
C:\Users\divya\OneDrive\Desktop\J-Update\JUpdate\Components\Pages\Entries.razor(150,19): warning CS8602: Dereference of a possibly null reference. [C:\Users\divya\OneDrive\Desktop\J-Update\JUpdate\JUpdate.csproj::TargetFramework=net9.0-windows10.0.19041.0]

Build FAILED.

C:\Users\divya\OneDrive\Desktop\J-Update\JUpdate\Components\Pages\Entries.razor(130,19): warning CS0618: 'Application.MainPage.get' is obsolete: 'This property has been deprecated. For single-window applications, use Windows[0].Page. For multi-window applications, identify and use the appropriate Window object to access the desired Page. Additionally, each element features a Window property, accessible when it's part of the current window.' [C:\Users\divya\OneDrive\Desktop\J-Update\JUpdate\JUpdate.csproj::TargetFramework=net9.0-maccatalyst]
C:\Users\divya\OneDrive\Desktop\J-Update\JUpdate\Components\Pages\Entries.razor(150,19): warning CS0618: 'Application.MainPage.get' is obsolete: 'This property has been deprecated. For single-window applications, use Windows[0].Page. For multi-window applications, identify and use the appropriate Window object to access the desired Page. Additionally, each element features a Window property, accessible when it's part of the current window.' [C:\Users\divya\OneDrive\Desktop\J-Update\JUpdate\JUpdate.csproj::TargetFramework=net9.0-maccatalyst]
C:\Users\divya\OneDrive\Desktop\J-Update\JUpdate\Components\Pages\Entries.razor(130,19): warning CS8602: Dereference of a possibly null reference. [C:\Users\divya\OneDrive\Desktop\J-Update\JUpdate\JUpdate.csproj::TargetFramework=net9.0-maccatalyst]
C:\Users\divya\OneDrive\Desktop\J-Update\JUpdate\Components\Pages\Entries.razor(130,19): warning CS8602: Dereference of a possibly null reference. [C:\Users\divya\OneDrive\Desktop\J-Update\JUpdate\JUpdate.csproj::TargetFramework=net9.0-maccatalyst]
C:\Users\divya\OneDrive\Desktop\J-Update\JUpdate\Components\Pages\Entries.razor(150,19): warning CS8602: Dereference of a possibly null reference. [C:\Users\divya\OneDrive\Desktop\J-Update\JUpdate\JUpdate.csproj::TargetFramework=net9.0-maccatalyst]
C:\Users\divya\OneDrive\Desktop\J-Update\JUpdate\Components\Pages\Entries.razor(150,19): warning CS8602: Dereference of a possibly null reference. [C:\Users\divya\OneDrive\Desktop\J-Update\JUpdate\JUpdate.csproj::TargetFramework=net9.0-maccatalyst]
C:\Users\divya\OneDrive\Desktop\J-Update\JUpdate\Components\Pages\Entries.razor(130,19): warning CS0618: 'Application.MainPage.get' is obsolete: 'This property has been deprecated. For single-window applications, use Windows[0].Page. For multi-window applications, identify and use the appropriate Window object to access the desired Page. Additionally, each element features a Window property, accessible when it's part of the current window.' [C:\Users\divya\OneDrive\Desktop\J-Update\JUpdate\JUpdate.csproj::TargetFramework=net9.0-ios]
C:\Users\divya\OneDrive\Desktop\J-Update\JUpdate\Components\Pages\Entries.razor(150,19): warning CS0618: 'Application.MainPage.get' is obsolete: 'This property has been deprecated. For single-window applications, use Windows[0].Page. For multi-window applications, identify and use the appropriate Window object to access the desired Page. Additionally, each element features a Window property, accessible when it's part of the current window.' [C:\Users\divya\OneDrive\Desktop\J-Update\JUpdate\JUpdate.csproj::TargetFramework=net9.0-ios]
C:\Users\divya\OneDrive\Desktop\J-Update\JUpdate\Components\Pages\Entries.razor(130,19): warning CS8602: Dereference of a possibly null reference. [C:\Users\divya\OneDrive\Desktop\J-Update\JUpdate\JUpdate.csproj::TargetFramework=net9.0-ios]
C:\Users\divya\OneDrive\Desktop\J-Update\JUpdate\Components\Pages\Entries.razor(130,19): warning CS8602: Dereference of a possibly null reference. [C:\Users\divya\OneDrive\Desktop\J-Update\JUpdate\JUpdate.csproj::TargetFramework=net9.0-ios]
C:\Users\divya\OneDrive\Desktop\J-Update\JUpdate\Components\Pages\Entries.razor(150,19): warning CS8602: Dereference of a possibly null reference. [C:\Users\divya\OneDrive\Desktop\J-Update\JUpdate\JUpdate.csproj::TargetFramework=net9.0-ios]
C:\Users\divya\OneDrive\Desktop\J-Update\JUpdate\Components\Pages\Entries.razor(150,19): warning CS8602: Dereference of a possibly null reference. [C:\Users\divya\OneDrive\Desktop\J-Update\JUpdate\JUpdate.csproj::TargetFramework=net9.0-ios]
C:\Users\divya\OneDrive\Desktop\J-Update\JUpdate\Components\Pages\Entries.razor(130,19): warning CS0618: 'Application.MainPage.get' is obsolete: 'This property has been deprecated. For single-window applications, use Windows[0].Page. For multi-window applications, identify and use the appropriate Window object to access the desired Page. Additionally, each element features a Window property, accessible when it's part of the current window.' [C:\Users\divya\OneDrive\Desktop\J-Update\JUpdate\JUpdate.csproj::TargetFramework=net9.0-android]
C:\Users\divya\OneDrive\Desktop\J-Update\JUpdate\Components\Pages\Entries.razor(150,19): warning CS0618: 'Application.MainPage.get' is obsolete: 'This property has been deprecated. For single-window applications, use Windows[0].Page. For multi-window applications, identify and use the appropriate Window object to access the desired Page. Additionally, each element features a Window property, accessible when it's part of the current window.' [C:\Users\divya\OneDrive\Desktop\J-Update\JUpdate\JUpdate.csproj::TargetFramework=net9.0-android]
C:\Users\divya\OneDrive\Desktop\J-Update\JUpdate\Components\Pages\Entries.razor(130,19): warning CS8602: Dereference of a possibly null reference. [C:\Users\divya\OneDrive\Desktop\J-Update\JUpdate\JUpdate.csproj::TargetFramework=net9.0-android]
C:\Users\divya\OneDrive\Desktop\J-Update\JUpdate\Components\Pages\Entries.razor(130,19): warning CS8602: Dereference of a possibly null reference. [C:\Users\divya\OneDrive\Desktop\J-Update\JUpdate\JUpdate.csproj::TargetFramework=net9.0-android]
C:\Users\divya\OneDrive\Desktop\J-Update\JUpdate\Components\Pages\Entries.razor(150,19): warning CS8602: Dereference of a possibly null reference. [C:\Users\divya\OneDrive\Desktop\J-Update\JUpdate\JUpdate.csproj::TargetFramework=net9.0-android]
C:\Users\divya\OneDrive\Desktop\J-Update\JUpdate\Components\Pages\Entries.razor(150,19): warning CS8602: Dereference of a possibly null reference. [C:\Users\divya\OneDrive\Desktop\J-Update\JUpdate\JUpdate.csproj::TargetFramework=net9.0-android]
C:\Users\divya\OneDrive\Desktop\J-Update\JUpdate\Components\Pages\Entries.razor(130,19): warning CS0618: 'Application.MainPage.get' is obsolete: 'This property has been deprecated. For single-window applications, use Windows[0].Page. For multi-window applications, identify and use the appropriate Window object to access the desired Page. Additionally, each element features a Window property, accessible when it's part of the current window.' [C:\Users\divya\OneDrive\Desktop\J-Update\JUpdate\JUpdate.csproj::TargetFramework=net9.0-windows10.0.19041.0]
C:\Users\divya\OneDrive\Desktop\J-Update\JUpdate\Components\Pages\Entries.razor(150,19): warning CS0618: 'Application.MainPage.get' is obsolete: 'This property has been deprecated. For single-window applications, use Windows[0].Page. For multi-window applications, identify and use the appropriate Window object to access the desired Page. Additionally, each element features a Window property, accessible when it's part of the current window.' [C:\Users\divya\OneDrive\Desktop\J-Update\JUpdate\JUpdate.csproj::TargetFramework=net9.0-windows10.0.19041.0]
C:\Users\divya\OneDrive\Desktop\J-Update\JUpdate\Components\Pages\Entries.razor(130,19): warning CS8602: Dereference of a possibly null reference. [C:\Users\divya\OneDrive\Desktop\J-Update\JUpdate\JUpdate.csproj::TargetFramework=net9.0-windows10.0.19041.0]
C:\Users\divya\OneDrive\Desktop\J-Update\JUpdate\Components\Pages\Entries.razor(130,19): warning CS8602: Dereference of a possibly null reference. [C:\Users\divya\OneDrive\Desktop\J-Update\JUpdate\JUpdate.csproj::TargetFramework=net9.0-windows10.0.19041.0]
C:\Users\divya\OneDrive\Desktop\J-Update\JUpdate\Components\Pages\Entries.razor(150,19): warning CS8602: Dereference of a possibly null reference. [C:\Users\divya\OneDrive\Desktop\J-Update\JUpdate\JUpdate.csproj::TargetFramework=net9.0-windows10.0.19041.0]
C:\Users\divya\OneDrive\Desktop\J-Update\JUpdate\Components\Pages\Entries.razor(150,19): warning CS8602: Dereference of a possibly null reference. [C:\Users\divya\OneDrive\Desktop\J-Update\JUpdate\JUpdate.csproj::TargetFramework=net9.0-windows10.0.19041.0]
C:\Users\divya\OneDrive\Desktop\J-Update\JUpdate\Services\PdfExportService.cs(70,30): error CS0104: 'Colors' is an ambiguous reference between 'Microsoft.Maui.Graphics.Colors' and 'QuestPDF.Helpers.Colors' [C:\Users\divya\OneDrive\Desktop\J-Update\JUpdate\JUpdate.csproj::TargetFramework=net9.0-maccatalyst]
C:\Users\divya\OneDrive\Desktop\J-Update\JUpdate\Services\PdfExportService.cs(71,29): error CS0104: 'Colors' is an ambiguous reference between 'Microsoft.Maui.Graphics.Colors' and 'QuestPDF.Helpers.Colors' [C:\Users\divya\OneDrive\Desktop\J-Update\JUpdate\JUpdate.csproj::TargetFramework=net9.0-maccatalyst]
C:\Users\divya\OneDrive\Desktop\J-Update\JUpdate\Services\PdfExportService.cs(81,84): error CS0104: 'Colors' is an ambiguous reference between 'Microsoft.Maui.Graphics.Colors' and 'QuestPDF.Helpers.Colors' [C:\Users\divya\OneDrive\Desktop\J-Update\JUpdate\JUpdate.csproj::TargetFramework=net9.0-maccatalyst]
C:\Users\divya\OneDrive\Desktop\J-Update\JUpdate\Services\PdfExportService.cs(104,47): error CS0104: 'Colors' is an ambiguous reference between 'Microsoft.Maui.Graphics.Colors' and 'QuestPDF.Helpers.Colors' [C:\Users\divya\OneDrive\Desktop\J-Update\JUpdate\JUpdate.csproj::TargetFramework=net9.0-maccatalyst]
C:\Users\divya\OneDrive\Desktop\J-Update\JUpdate\Services\PdfExportService.cs(24,36): error CS0104: 'Colors' is an ambiguous reference between 'Microsoft.Maui.Graphics.Colors' and 'QuestPDF.Helpers.Colors' [C:\Users\divya\OneDrive\Desktop\J-Update\JUpdate\JUpdate.csproj::TargetFramework=net9.0-maccatalyst]
C:\Users\divya\OneDrive\Desktop\J-Update\JUpdate\Services\PdfExportService.cs(29,60): error CS0104: 'Colors' is an ambiguous reference between 'Microsoft.Maui.Graphics.Colors' and 'QuestPDF.Helpers.Colors' [C:\Users\divya\OneDrive\Desktop\J-Update\JUpdate\JUpdate.csproj::TargetFramework=net9.0-maccatalyst]
C:\Users\divya\OneDrive\Desktop\J-Update\JUpdate\Services\PdfExportService.cs(70,30): error CS0104: 'Colors' is an ambiguous reference between 'Microsoft.Maui.Graphics.Colors' and 'QuestPDF.Helpers.Colors' [C:\Users\divya\OneDrive\Desktop\J-Update\JUpdate\JUpdate.csproj::TargetFramework=net9.0-ios]
C:\Users\divya\OneDrive\Desktop\J-Update\JUpdate\Services\PdfExportService.cs(71,29): error CS0104: 'Colors' is an ambiguous reference between 'Microsoft.Maui.Graphics.Colors' and 'QuestPDF.Helpers.Colors' [C:\Users\divya\OneDrive\Desktop\J-Update\JUpdate\JUpdate.csproj::TargetFramework=net9.0-ios]
C:\Users\divya\OneDrive\Desktop\J-Update\JUpdate\Services\PdfExportService.cs(81,84): error CS0104: 'Colors' is an ambiguous reference between 'Microsoft.Maui.Graphics.Colors' and 'QuestPDF.Helpers.Colors' [C:\Users\divya\OneDrive\Desktop\J-Update\JUpdate\JUpdate.csproj::TargetFramework=net9.0-ios]
C:\Users\divya\OneDrive\Desktop\J-Update\JUpdate\Services\PdfExportService.cs(104,47): error CS0104: 'Colors' is an ambiguous reference between 'Microsoft.Maui.Graphics.Colors' and 'QuestPDF.Helpers.Colors' [C:\Users\divya\OneDrive\Desktop\J-Update\JUpdate\JUpdate.csproj::TargetFramework=net9.0-ios]
C:\Users\divya\OneDrive\Desktop\J-Update\JUpdate\Services\PdfExportService.cs(24,36): error CS0104: 'Colors' is an ambiguous reference between 'Microsoft.Maui.Graphics.Colors' and 'QuestPDF.Helpers.Colors' [C:\Users\divya\OneDrive\Desktop\J-Update\JUpdate\JUpdate.csproj::TargetFramework=net9.0-ios]
C:\Users\divya\OneDrive\Desktop\J-Update\JUpdate\Services\PdfExportService.cs(29,60): error CS0104: 'Colors' is an ambiguous reference between 'Microsoft.Maui.Graphics.Colors' and 'QuestPDF.Helpers.Colors' [C:\Users\divya\OneDrive\Desktop\J-Update\JUpdate\JUpdate.csproj::TargetFramework=net9.0-ios]
C:\Users\divya\OneDrive\Desktop\J-Update\JUpdate\Services\PdfExportService.cs(24,36): error CS0104: 'Colors' is an ambiguous reference between 'Microsoft.Maui.Graphics.Colors' and 'QuestPDF.Helpers.Colors' [C:\Users\divya\OneDrive\Desktop\J-Update\JUpdate\JUpdate.csproj::TargetFramework=net9.0-android]
C:\Users\divya\OneDrive\Desktop\J-Update\JUpdate\Services\PdfExportService.cs(29,60): error CS0104: 'Colors' is an ambiguous reference between 'Microsoft.Maui.Graphics.Colors' and 'QuestPDF.Helpers.Colors' [C:\Users\divya\OneDrive\Desktop\J-Update\JUpdate\JUpdate.csproj::TargetFramework=net9.0-android]
C:\Users\divya\OneDrive\Desktop\J-Update\JUpdate\Services\PdfExportService.cs(70,30): error CS0104: 'Colors' is an ambiguous reference between 'Microsoft.Maui.Graphics.Colors' and 'QuestPDF.Helpers.Colors' [C:\Users\divya\OneDrive\Desktop\J-Update\JUpdate\JUpdate.csproj::TargetFramework=net9.0-android]
C:\Users\divya\OneDrive\Desktop\J-Update\JUpdate\Services\PdfExportService.cs(71,29): error CS0104: 'Colors' is an ambiguous reference between 'Microsoft.Maui.Graphics.Colors' and 'QuestPDF.Helpers.Colors' [C:\Users\divya\OneDrive\Desktop\J-Update\JUpdate\JUpdate.csproj::TargetFramework=net9.0-android]
C:\Users\divya\OneDrive\Desktop\J-Update\JUpdate\Services\PdfExportService.cs(81,84): error CS0104: 'Colors' is an ambiguous reference between 'Microsoft.Maui.Graphics.Colors' and 'QuestPDF.Helpers.Colors' [C:\Users\divya\OneDrive\Desktop\J-Update\JUpdate\JUpdate.csproj::TargetFramework=net9.0-android]
C:\Users\divya\OneDrive\Desktop\J-Update\JUpdate\Services\PdfExportService.cs(104,47): error CS0104: 'Colors' is an ambiguous reference between 'Microsoft.Maui.Graphics.Colors' and 'QuestPDF.Helpers.Colors' [C:\Users\divya\OneDrive\Desktop\J-Update\JUpdate\JUpdate.csproj::TargetFramework=net9.0-android]
C:\Users\divya\OneDrive\Desktop\J-Update\JUpdate\Services\PdfExportService.cs(70,30): error CS0104: 'Colors' is an ambiguous reference between 'Microsoft.Maui.Graphics.Colors' and 'QuestPDF.Helpers.Colors' [C:\Users\divya\OneDrive\Desktop\J-Update\JUpdate\JUpdate.csproj::TargetFramework=net9.0-windows10.0.19041.0]
C:\Users\divya\OneDrive\Desktop\J-Update\JUpdate\Services\PdfExportService.cs(71,29): error CS0104: 'Colors' is an ambiguous reference between 'Microsoft.Maui.Graphics.Colors' and 'QuestPDF.Helpers.Colors' [C:\Users\divya\OneDrive\Desktop\J-Update\JUpdate\JUpdate.csproj::TargetFramework=net9.0-windows10.0.19041.0]
C:\Users\divya\OneDrive\Desktop\J-Update\JUpdate\Services\PdfExportService.cs(81,84): error CS0104: 'Colors' is an ambiguous reference between 'Microsoft.Maui.Graphics.Colors' and 'QuestPDF.Helpers.Colors' [C:\Users\divya\OneDrive\Desktop\J-Update\JUpdate\JUpdate.csproj::TargetFramework=net9.0-windows10.0.19041.0]
C:\Users\divya\OneDrive\Desktop\J-Update\JUpdate\Services\PdfExportService.cs(104,47): error CS0104: 'Colors' is an ambiguous reference between 'Microsoft.Maui.Graphics.Colors' and 'QuestPDF.Helpers.Colors' [C:\Users\divya\OneDrive\Desktop\J-Update\JUpdate\JUpdate.csproj::TargetFramework=net9.0-windows10.0.19041.0]
C:\Users\divya\OneDrive\Desktop\J-Update\JUpdate\Services\PdfExportService.cs(24,36): error CS0104: 'Colors' is an ambiguous reference between 'Microsoft.Maui.Graphics.Colors' and 'QuestPDF.Helpers.Colors' [C:\Users\divya\OneDrive\Desktop\J-Update\JUpdate\JUpdate.csproj::TargetFramework=net9.0-windows10.0.19041.0]
C:\Users\divya\OneDrive\Desktop\J-Update\JUpdate\Services\PdfExportService.cs(29,60): error CS0104: 'Colors' is an ambiguous reference between 'Microsoft.Maui.Graphics.Colors' and 'QuestPDF.Helpers.Colors' [C:\Users\divya\OneDrive\Desktop\J-Update\JUpdate\JUpdate.csproj::TargetFramework=net9.0-windows10.0.19041.0]
    24 Warning(s)
    24 Error(s)

Time Elapsed 00:00:18.45

Workload updates are available. Run `dotnet workload list` for more information.
